1766245768184:deploy push
1766245800253:dev start
1766253345569:deploy push
1766253369040:dev clean
1766253381618:clear
1766253396918:test build
1766253446773:deploy build
1766253508003:deploy push
1766254270404:clear
1766254361448:deploy push
1766254373416:deploy build
1766254378442:deploy push
1766262757252:clear
1766262775489:dev moderation-reset
1766262807758:dev start
1766262833147:dev moderation-reset
1766334483451:dev start
1766337684359:dev restart
1766416447496:dev start
1766417249382:exit
1766417289482:dev stop
1766417295901:dev start
1766417401561:dev moderation-reset
1766417871868:dev stop
1766417878198:dev start
1766418242020:dev stop
1766418246467:dev clean
1766418265495:dev db-reset
1766418468019:dev stop
1766418495872:dev start
1766418823693:dev stop
1766418877084:dev clean
1766418917838:dev start
1766419016996:dev stop
1766419045415:dev start
1766419147422:dev db-reset
1766419296019:dev restart
1766419404013:dev db-reset
1766419555558:dev start
1766420205956:dev restart
1766420232634:dev moderation-reset
1766421687090:dev restart
1766424699069:dev stop
1766425969067:dev start
